cycles = 1

[[bits]]
name = "out"
size = 4
bytes = [6]
