# RSA-576 = 188198812920607963838697239461650439807163563379417382700763356422988859715234665485319060606504743045317388011303396716199692321205734031879550656996221305168759307650257059

# irb(main):001:0> a = 1881988129206079638386972394616504398071635633794173827007633564229888597152346654853
# 19060606504743045317388011303396716199692321205734031879550656996221305168759307650257059
# => 18819881292060796383869723946165043980716356337941738270076335642298885971523466548531906060650474...
# irb(main):002:0> ary = []
# => []
# irb(main):003:1* while a > 0
# irb(main):004:1*   ary.push(a%256)
# irb(main):005:1*   a /= 256
# irb(main):006:0> end
# => nil
# irb(main):007:0> ary
# => [163, 208, 76, 59, 178, 92, 209, 76, 210, 184, 127, 29, 76, 199, 72, 85, 89, 242, 231, 175, 154, 228, 198, 57, 153, 117, 116, 20, 166, 145, 104, 180, 22, 141, 208, 207, 23, 74, 112, 235, 238, 35, 34, 78, 134, 56, 41, 101, 189, 12, 115, 88, 186, 179, 116, 69, 222, 150, 56, 26, 241, 227, 104, 18, 182, 35, 249, 219, 79, 178, 203, 194]

cycles = 1

[[bits]]
name = "out"
size = 600
bytes = [163, 208, 76, 59, 178, 92, 209, 76, 210, 184, 127, 29, 76, 199, 72, 85, 89, 242, 231, 175, 154, 228, 198, 57, 153, 117, 116, 20, 166, 145, 104, 180, 22, 141, 208, 207, 23, 74, 112, 235, 238, 35, 34, 78, 134, 56, 41, 101, 189, 12, 115, 88, 186, 179, 116, 69, 222, 150, 56, 26, 241, 227, 104, 18, 182, 35, 249, 219, 79, 178, 203, 194]
