cycles = 1

[[bits]]
name = "out"
size = 1
bytes = [1]
