rom = []
cycles = 261
bits = [
{bytes=[0,0],size=16,name="reg_x13"},
{bytes=[0,0],size=16,name="reg_x2"},
{bytes=[1],size=1,name="finflag"},
{bytes=[0,0],size=16,name="reg_x14"},
{bytes=[0,0],size=16,name="reg_x12"},
{bytes=[254,1],size=16,name="reg_x1"},
{bytes=[0,0],size=16,name="reg_x6"},
{bytes=[0,0],size=16,name="reg_x5"},
{bytes=[0,0],size=16,name="reg_x9"},
{bytes=[5,0],size=16,name="reg_x8"},
{bytes=[0,0],size=16,name="reg_x7"},
{bytes=[0,0],size=16,name="reg_x4"},
{bytes=[0,0],size=16,name="reg_x10"},
{bytes=[0,0],size=16,name="reg_x15"},
{bytes=[0,0],size=16,name="reg_x11"},
{bytes=[5,0],size=16,name="reg_x0"},
{bytes=[0,0],size=16,name="reg_x3"},
]
[[ram]]
bytes = [
0,0,0,0,0,0,0,0,0,0,0,0,0,0,0,0,0,0,0,0,0,0,0,0,0,0,0,0,0,0,0,0,0,0,0,
0,0,0,0,0,0,0,0,0,0,0,0,0,0,0,0,0,0,0,0,0,0,0,0,0,0,0,0,0,0,0,0,0,0,0,
0,0,0,0,0,0,0,0,0,0,0,0,0,0,0,0,0,0,0,0,0,0,0,0,0,0,0,0,0,0,0,0,0,0,0,
0,0,0,0,0,0,0,0,0,0,0,0,0,0,0,0,0,0,0,0,0,0,0,0,0,0,0,0,0,0,0,0,0,0,0,
0,0,0,0,0,0,0,0,0,0,0,0,0,0,0,0,0,0,0,0,0,0,0,0,0,0,0,0,0,0,0,0,0,0,0,
0,0,0,0,0,0,0,0,0,0,0,0,0,0,0,0,0,0,0,0,0,0,0,0,0,0,0,0,0,0,0,0,0,0,0,
0,0,0,0,0,0,0,0,0,0,0,0,0,0,0,0,0,0,0,0,0,0,0,0,0,0,0,0,0,0,0,0,0,0,0,
0,0,0,0,0,0,0,0,0,0,0,
]
size = 2048
name = "ramA"
[[ram]]
bytes = [
0,0,0,0,0,0,0,0,0,0,0,0,0,0,0,0,0,0,0,0,0,0,0,0,0,0,0,0,0,0,0,0,0,0,0,
0,0,0,0,0,0,0,0,0,0,0,0,0,0,0,0,0,0,0,0,0,0,0,0,0,0,0,0,0,0,0,0,0,0,0,
0,0,0,0,0,0,0,0,0,0,0,0,0,0,0,0,0,0,0,0,0,0,0,0,0,0,0,0,0,0,0,0,0,0,0,
0,0,0,0,0,0,0,0,0,0,0,0,0,0,0,0,0,0,0,0,0,0,0,0,0,0,0,0,0,0,0,0,0,0,0,
0,0,0,0,0,0,0,0,0,0,0,0,0,0,0,0,0,0,0,0,0,0,0,0,0,0,0,0,0,0,0,0,0,0,0,
0,0,0,0,0,0,0,0,0,0,0,0,0,0,0,0,0,0,0,0,0,0,0,0,0,0,0,0,0,0,0,0,0,0,0,
0,0,0,0,0,0,0,0,0,0,0,0,0,0,0,0,0,0,0,0,0,0,0,0,0,0,0,0,0,1,2,39,1,2,
39,1,3,39,3,5,39,0,0,59,5,0,
]
size = 2048
name = "ramB"

