rom = []
ram = []
cycles = 3
bits = [
{bytes=[2],size=4,name="out"},
]
