rom = []
ram = []
cycles = 2
bits = [
{bytes=[12],size=4,name="out"},
]
