rom = []
cycles = 1
ram = []
bits = [
{bytes=[3],size=8,name="out"},
]
