rom = []
ram = []
cycles = 1
bits = [
{bytes=[9],size=4,name="out"},
]
